Microsoft Windows [Version 10.0.22621.1265]
(c) Microsoft Corporation. All rights reserved.

C:\Users\deepa>git
usage: git [-v | --version] [-h | --help] [-C <path>] [-c <name>=<value>]
           [--exec-path[=<path>]] [--html-path] [--man-path] [--info-path]
           [-p | --paginate | -P | --no-pager] [--no-replace-objects] [--bare]
           [--git-dir=<path>] [--work-tree=<path>] [--namespace=<name>]
           [--super-prefix=<path>] [--config-env=<name>=<envvar>]
           <command> [<args>]

These are common Git commands used in various situations:

start a working area (see also: git help tutorial)
   clone     Clone a repository into a new directory
   init      Create an empty Git repository or reinitialize an existing one

work on the current change (see also: git help everyday)
   add       Add file contents to the index
   mv        Move or rename a file, a directory, or a symlink
   restore   Restore working tree files
   rm        Remove files from the working tree and from the index

examine the history and state (see also: git help revisions)
   bisect    Use binary search to find the commit that introduced a bug
   diff      Show changes between commits, commit and working tree, etc
   grep      Print lines matching a pattern
   log       Show commit logs
   show      Show various types of objects
   status    Show the working tree status

grow, mark and tweak your common history
   branch    List, create, or delete branches
   commit    Record changes to the repository
   merge     Join two or more development histories together
   rebase    Reapply commits on top of another base tip
   reset     Reset current HEAD to the specified state
   switch    Switch branches
   tag       Create, list, delete or verify a tag object signed with GPG

collaborate (see also: git help workflows)
   fetch     Download objects and refs from another repository
   pull      Fetch from and integrate with another repository or a local branch
   push      Update remote refs along with associated objects

'git help -a' and 'git help -g' list available subcommands and some
concept guides. See 'git help <command>' or 'git help <concept>'
to read about a specific subcommand or concept.
See 'git help git' for an overview of the system.

C:\Users\deepa>git version
git version 2.39.1.windows.1

C:\Users\deepa>cd C:\softwares_dee_learning\repositories-github\GitHub

C:\softwares_dee_learning\repositories-github\GitHub>git config --global user.name "XX XXX"

C:\softwares_dee_learning\repositories-github\GitHub>git config --global user.email "XXXX@outlook.com"

C:\softwares_dee_learning\repositories-github\GitHub>got config --global --list
'got' is not recognized as an internal or external command,
operable program or batch file.

C:\softwares_dee_learning\repositories-github\GitHub>git config --global --list
user.name=XXX
user.email=XXXX@outlook.com
filter.lfs.process=git-lfs filter-process
filter.lfs.required=true
filter.lfs.clean=git-lfs clean -- %f
filter.lfs.smudge=git-lfs smudge -- %f

C:\softwares_dee_learning\repositories-github\GitHub>git clone https://github.com/deepak-raghavendra-bhat/github-demo.git
Cloning into 'github-demo'...
fatal: unable to access 'https://github.com/deepak-raghavendra-bhat/github-demo.git/': Failed to connect to github.com port 443 after 11 ms: Couldn't connect to server

C:\softwares_dee_learning\repositories-github\GitHub>git config --global user.name "deepak-raghavendra-bhat"

C:\softwares_dee_learning\repositories-github\GitHub>git clone https://github.com/deepak-raghavendra-bhat/github-demo.git
Cloning into 'github-demo'...
remote: Enumerating objects: 3, done.
remote: Counting objects: 100% (3/3), done.
remote: Compressing objects: 100% (2/2), done.
remote: Total 3 (delta 0), reused 0 (delta 0), pack-reused 0
Receiving objects: 100% (3/3), done.

C:\softwares_dee_learning\repositories-github\GitHub>cd github-demo

C:\softwares_dee_learning\repositories-github\GitHub\github-demo>git status
On branch main
Your branch is up to date with 'origin/main'.

nothing to commit, working tree clean

C:\softwares_dee_learning\repositories-github\GitHub\github-demo>echo "Test GIT demo" >> start.txt

C:\softwares_dee_learning\repositories-github\GitHub\github-demo>cat start.txt
'cat' is not recognized as an internal or external command,
operable program or batch file.

C:\softwares_dee_learning\repositories-github\GitHub\github-demo>git status
On branch main
Your branch is up to date with 'origin/main'.

Untracked files:
  (use "git add <file>..." to include in what will be committed)
        start.txt

nothing added to commit but untracked files present (use "git add" to track)

C:\softwares_dee_learning\repositories-github\GitHub\github-demo>git add start.txt

C:\softwares_dee_learning\repositories-github\GitHub\github-demo>git status
On branch main
Your branch is up to date with 'origin/main'.

Changes to be committed:
  (use "git restore --staged <file>..." to unstage)
        new file:   start.txt


C:\softwares_dee_learning\repositories-github\GitHub\github-demo>git commit -m "Ading start.txt file"
[main 7aea174] Ading start.txt file
 1 file changed, 1 insertion(+)
 create mode 100644 start.txt

C:\softwares_dee_learning\repositories-github\GitHub\github-demo>git push origin main
info: please complete authentication in your browser...
fatal: An error occurred while sending the request.
fatal: Unable to connect to the remote server
fatal: An established connection was aborted by the software in your host machine 11.11.11.11:443
Username for 'https://github.com': deepak-raghavendra-bhat
Password for 'https://deepak-raghavendra-bhat@github.com':
remote: Support for password authentication was removed on August 13, 2021.
remote: Please see https://docs.github.com/en/get-started/getting-started-with-git/about-remote-repositories#cloning-with-https-urls for information on currently recommended modes of authentication.
fatal: Authentication failed for 'https://github.com/deepak-raghavendra-bhat/github-demo.git/'

C:\softwares_dee_learning\repositories-github\GitHub\github-demo>git push origin main
info: please complete authentication in your browser...
Enumerating objects: 4, done.
Counting objects: 100% (4/4), done.
Delta compression using up to 12 threads
Compressing objects: 100% (2/2), done.
Writing objects: 100% (3/3), 313 bytes | 313.00 KiB/s, done.
Total 3 (delta 0), reused 0 (delta 0), pack-reused 0
To https://github.com/deepak-raghavendra-bhat/github-demo.git
   023ce4f..7aea174  main -> main

C:\softwares_dee_learning\repositories-github\GitHub\github-demo>git add 01_QuickStart.pdf

C:\softwares_dee_learning\repositories-github\GitHub\github-demo>git commit -m "Adding Day1 quick commands pdf"
[main 81f7af8] Adding Day1 quick commands pdf
 1 file changed, 0 insertions(+), 0 deletions(-)
 create mode 100644 01_QuickStart.pdf

C:\softwares_dee_learning\repositories-github\GitHub\github-demo>git push origin main
Enumerating objects: 4, done.
Counting objects: 100% (4/4), done.
Delta compression using up to 12 threads
Compressing objects: 100% (3/3), done.
Writing objects: 100% (3/3), 17.12 KiB | 17.12 MiB/s, done.
Total 3 (delta 0), reused 0 (delta 0), pack-reused 0
To https://github.com/deepak-raghavendra-bhat/github-demo.git
   7aea174..81f7af8  main -> main